<?xml version="1.0"?>
<testsuites>
  <testsuite name="PhantomJS 1.9.8 (Mac OS X)" package="" timestamp="2015-04-05T21:48:30" id="0" hostname="Brians-MacBook-Air" tests="1" errors="0" failures="0" time="0.012">
    <properties>
      <property name="browser.fullName" value="Mozilla/5.0 (Macintosh; Intel Mac OS X) AppleWebKit/534.34 (KHTML, like Gecko) PhantomJS/1.9.8 Safari/534.34"/>
    </properties>
    <testcase name="should assert something" time="0.012" classname="PhantomJS 1.9.8 (Mac OS X).Etf Cannon Controller Unit Test"/>
    <system-out><![CDATA[
]]></system-out>
    <system-err/>
  </testsuite>
  <testsuite name="Chrome 42.0.2311 (Mac OS X 10.10.2)" package="" timestamp="2015-04-05T21:48:30" id="0" hostname="Brians-MacBook-Air" tests="1" errors="0" failures="0" time="0.035">
    <properties>
      <property name="browser.fullName" value="Mozilla/5.0 (Macintosh; Intel Mac OS X 10_10_2) AppleWebKit/537.36 (KHTML, like Gecko) Chrome/42.0.2311.68 Safari/537.36"/>
    </properties>
    <testcase name="should assert something" time="0.035" classname="Chrome 42.0.2311 (Mac OS X 10.10.2).Etf Cannon Controller Unit Test"/>
    <system-out><![CDATA[
]]></system-out>
    <system-err/>
  </testsuite>
  <testsuite name="Firefox 36.0.0 (Mac OS X 10.10)" package="" timestamp="2015-04-05T21:48:31" id="0" hostname="Brians-MacBook-Air" tests="1" errors="0" failures="0" time="0.042">
    <properties>
      <property name="browser.fullName" value="Mozilla/5.0 (Macintosh; Intel Mac OS X 10.10; rv:36.0) Gecko/20100101 Firefox/36.0"/>
    </properties>
    <testcase name="should assert something" time="0.042" classname="Firefox 36.0.0 (Mac OS X 10.10).Etf Cannon Controller Unit Test"/>
    <system-out><![CDATA[
]]></system-out>
    <system-err/>
  </testsuite>
</testsuites>
